ubuntu@compute-vm-8-16-20-ssd-1765124249206:~/architecture-future_2_0/Task4$ terraform apply
╷
│ Warning: Provider development overrides are in effect
│ 
│ The following provider development overrides are set in the CLI configuration:
│  - yandex-cloud/yandex in /home/ubuntu/tf-plugins/yandex
│ 
│ The behavior may therefore not match any released version of the provider and applying changes may cause the state to become incompatible with published releases.
╵
data.yandex_compute_image.ubuntu: Reading...
data.yandex_compute_image.ubuntu: Read complete after 0s [id=fd87vvgamed91jv09b4h]

Terraform used the selected providers to generate the following execution plan. Resource actions are indicated with the following symbols:
  + create

Terraform will perform the following actions:

  # yandex_compute_disk.platform will be created
  + resource "yandex_compute_disk" "platform" {
      + block_size  = 4096
      + created_at  = (known after apply)
      + folder_id   = (known after apply)
      + id          = (known after apply)
      + image_id    = "fd87vvgamed91jv09b4h"
      + name        = "future2-data-platform-dev-disk"
      + product_ids = (known after apply)
      + size        = 50
      + status      = (known after apply)
      + type        = "network-ssd"
      + zone        = "ru-central1-a"

      + disk_placement_policy (known after apply)

      + hardware_generation (known after apply)
    }

  # yandex_compute_instance.platform will be created
  + resource "yandex_compute_instance" "platform" {
      + created_at                = (known after apply)
      + folder_id                 = (known after apply)
      + fqdn                      = (known after apply)
      + gpu_cluster_id            = (known after apply)
      + hardware_generation       = (known after apply)
      + hostname                  = (known after apply)
      + id                        = (known after apply)
      + labels                    = {
          + "environment" = "dev"
          + "project"     = "future2"
        }
      + maintenance_grace_period  = (known after apply)
      + maintenance_policy        = (known after apply)
      + metadata                  = {
          + "ssh-keys" = <<-EOT
                ubuntu:ssh-ed25519 AAAAC3NzaC1lZDI1NTE5AAAAIDxNgrZ4KoWd96gPr6tRR+UMUC/lvgYKD2w5SclczC9Y future2-task4
            EOT
        }
      + name                      = "future2-data-platform-dev"
      + network_acceleration_type = "standard"
      + platform_id               = "standard-v1"
      + status                    = (known after apply)
      + zone                      = "ru-central1-a"

      + boot_disk {
          + auto_delete = true
          + device_name = (known after apply)
          + disk_id     = (known after apply)
          + mode        = (known after apply)

          + initialize_params (known after apply)
        }

      + metadata_options (known after apply)

      + network_interface {
          + index          = (known after apply)
          + ip_address     = (known after apply)
          + ipv4           = true
          + ipv6           = (known after apply)
          + ipv6_address   = (known after apply)
          + mac_address    = (known after apply)
          + nat            = true
          + nat_ip_address = (known after apply)
          + nat_ip_version = (known after apply)
          + subnet_id      = (known after apply)
        }

      + placement_policy (known after apply)

      + resources {
          + core_fraction = 100
          + cores         = 4
          + memory        = 8
        }

      + scheduling_policy (known after apply)
    }

  # yandex_vpc_network.this will be created
  + resource "yandex_vpc_network" "this" {
      + created_at                = (known after apply)
      + default_security_group_id = (known after apply)
      + folder_id                 = (known after apply)
      + id                        = (known after apply)
      + labels                    = (known after apply)
      + name                      = "future2-vpc"
      + subnet_ids                = (known after apply)
    }

  # yandex_vpc_subnet.public will be created
  + resource "yandex_vpc_subnet" "public" {
      + created_at     = (known after apply)
      + folder_id      = (known after apply)
      + id             = (known after apply)
      + labels         = (known after apply)
      + name           = "future2-public-subnet"
      + network_id     = (known after apply)
      + v4_cidr_blocks = [
          + "10.10.0.0/24",
        ]
      + v6_cidr_blocks = (known after apply)
      + zone           = "ru-central1-a"
    }

Plan: 4 to add, 0 to change, 0 to destroy.

Changes to Outputs:
  + network_id             = (known after apply)
  + subnet_id              = (known after apply)
  + vm_external_ip_address = (known after apply)
  + vm_internal_ip_address = (known after apply)
  + vm_name                = "future2-data-platform-dev"

Do you want to perform these actions?
  Terraform will perform the actions described above.
  Only 'yes' will be accepted to approve.

  Enter a value: yes 

yandex_vpc_network.this: Creating...
yandex_compute_disk.platform: Creating...
yandex_vpc_network.this: Creation complete after 1s [id=enpkmv7f9v86inmh7p5n]
yandex_vpc_subnet.public: Creating...
yandex_vpc_subnet.public: Creation complete after 1s [id=e9bnogpagp2utt06ngo5]
yandex_compute_disk.platform: Still creating... [00m10s elapsed]
yandex_compute_disk.platform: Creation complete after 11s [id=fhmmldoh4hvubo93hr5q]
yandex_compute_instance.platform: Creating...
yandex_compute_instance.platform: Still creating... [00m10s elapsed]
yandex_compute_instance.platform: Still creating... [00m20s elapsed]
yandex_compute_instance.platform: Still creating... [00m30s elapsed]
yandex_compute_instance.platform: Creation complete after 32s [id=fhmilk46m9poc67e334k]

Apply complete! Resources: 4 added, 0 changed, 0 destroyed.

Outputs:

network_id = "enpkmv7f9v86inmh7p5n"
subnet_id = "e9bnogpagp2utt06ngo5"
vm_external_ip_address = "89.169.158.130"
vm_internal_ip_address = "10.10.0.18"
vm_name = "future2-data-platform-dev"